   1               		.file	"main.c"
   2               	__SREG__ = 0x3f
   3               	__SP_H__ = 0x3e
   4               	__SP_L__ = 0x3d
   5               	__CCP__  = 0x34
   6               	__tmp_reg__ = 0
   7               	__zero_reg__ = 1
  15               	.Ltext0:
  16               	.global	main
  18               	main:
  19               	.LFB2:
  20               	.LM1:
  21               	/* prologue: function */
  22               	/* frame size = 0 */
  23               	.LM2:
  24               	/* #APP */
  25               	 ;  19 "main.c" 1
  26 0000 F894      		cli
  27               	 ;  0 "" 2
  28               	.LM3:
  29               	/* #NOAPP */
  30 0002 8091 8100 		lds r24,129
  31 0006 8360      		ori r24,lo8(3)
  32 0008 8093 8100 		sts 129,r24
  33               	.LM4:
  34 000c 8AE1      		ldi r24,lo8(1562)
  35 000e 96E0      		ldi r25,hi8(1562)
  36 0010 9093 8900 		sts (136)+1,r25
  37 0014 8093 8800 		sts 136,r24
  38               	.LM5:
  39 0018 8091 8100 		lds r24,129
  40 001c 8860      		ori r24,lo8(8)
  41 001e 8093 8100 		sts 129,r24
  42               	.LM6:
  43 0022 8091 6F00 		lds r24,111
  44 0026 8260      		ori r24,lo8(2)
  45 0028 8093 6F00 		sts 111,r24
  46               	.LM7:
  47               	/* #APP */
  48               	 ;  24 "main.c" 1
  49 002c 7894      		sei
  50               	 ;  0 "" 2
  51               	.LM8:
  52               	/* #NOAPP */
  53 002e 509A      		sbi 42-32,0
  54               	.LM9:
  55 0030 589A      		sbi 43-32,0
  56               	.L2:
  57 0032 00C0      		rjmp .L2
  58               	.LFE2:
  60               	.global	__vector_11
  62               	__vector_11:
  63               	.LFB3:
  64               	.LM10:
  65 0034 1F92      		push __zero_reg__
  66 0036 0F92      		push r0
  67 0038 0FB6      		in r0,__SREG__
  68 003a 0F92      		push r0
  69 003c 1124      		clr __zero_reg__
  70 003e 8F93      		push r24
  71 0040 9F93      		push r25
  72               	/* prologue: Signal */
  73               	/* frame size = 0 */
  74               	.LM11:
  75 0042 8BB1      		in r24,43-32
  76 0044 91E0      		ldi r25,lo8(1)
  77 0046 8927      		eor r24,r25
  78 0048 8BB9      		out 43-32,r24
  79               	/* epilogue start */
  80               	.LM12:
  81 004a 9F91      		pop r25
  82 004c 8F91      		pop r24
  83 004e 0F90      		pop r0
  84 0050 0FBE      		out __SREG__,r0
  85 0052 0F90      		pop r0
  86 0054 1F90      		pop __zero_reg__
  87 0056 1895      		reti
  88               	.LFE3:
 122               	.Letext0:
DEFINED SYMBOLS
                            *ABS*:00000000 main.c
C:\Users\milesdai\AppData\Local\Temp/ccmnu3SF.s:2      *ABS*:0000003f __SREG__
C:\Users\milesdai\AppData\Local\Temp/ccmnu3SF.s:3      *ABS*:0000003e __SP_H__
C:\Users\milesdai\AppData\Local\Temp/ccmnu3SF.s:4      *ABS*:0000003d __SP_L__
C:\Users\milesdai\AppData\Local\Temp/ccmnu3SF.s:5      *ABS*:00000034 __CCP__
C:\Users\milesdai\AppData\Local\Temp/ccmnu3SF.s:6      *ABS*:00000000 __tmp_reg__
C:\Users\milesdai\AppData\Local\Temp/ccmnu3SF.s:7      *ABS*:00000001 __zero_reg__
C:\Users\milesdai\AppData\Local\Temp/ccmnu3SF.s:18     .text:00000000 main
C:\Users\milesdai\AppData\Local\Temp/ccmnu3SF.s:62     .text:00000034 __vector_11

NO UNDEFINED SYMBOLS
